
> aetherahealthcare-website@0.1.0 build
> next build

▲ Next.js 16.2.6 (Turbopack)
- Environments: .env.production, .env

  Creating an optimized production build ...
✓ Compiled successfully in 3.5s
  Skipping validation of types
  Finished TypeScript config validation in 20ms ...
  Collecting page data using 15 workers ...
  Generating static pages using 15 workers (0/103) ...
  Generating static pages using 15 workers (25/103) 
  Generating static pages using 15 workers (51/103) 
  Generating static pages using 15 workers (77/103) 
✓ Generating static pages using 15 workers (103/103) in 949ms
  Finalizing page optimization ...

Route (app)
┌ ○ /
├ ○ /_not-found
├ ○ /about
├ ○ /apple-icon.png
├ ○ /blog
├ ● /blog/[slug]
│ ├ /blog/continuous-revenue-cycle-training
│ ├ /blog/design-patient-payment-plans
│ ├ /blog/integrate-financial-counseling-into-patient-intake
│ └ [+36 more paths]
├ ○ /careers
├ ○ /case-studies
├ ○ /compliance
├ ○ /compliance/baa
├ ○ /compliance/hipaa
├ ○ /compliance/privacy-policy
├ ○ /compliance/security
├ ○ /compliance/terms-of-service
├ ○ /contact
├ ○ /decks
├ ○ /faq
├ ○ /free-assessment
├ ○ /gap-analysis
├ ○ /icon.png
├ ○ /integrations
├ ○ /payer-services
├ ○ /payers
├ ○ /payers/directory
├ ● /payers/directory/[slug]
│ ├ /payers/directory/aetna
│ ├ /payers/directory/anthem-elevance
│ ├ /payers/directory/bcbs
│ └ [+9 more paths]
├ ○ /portal
├ ○ /pricing
├ ○ /process
├ ○ /robots.txt
├ ○ /services
├ ○ /services/ar-followup
├ ○ /services/cardiology-billing
├ ○ /services/claims-billing
├ ○ /services/compliance-auditing
├ ○ /services/credentialing
├ ○ /services/denial-management
├ ○ /services/dental-billing
├ ○ /services/dermatology-billing
├ ○ /services/eligibility-verification
├ ○ /services/family-medicine-billing
├ ○ /services/medical-coding
├ ○ /services/orthopedic-billing
├ ○ /services/patient-collections
├ ○ /services/payment-posting
├ ○ /services/pharmacy-billing
├ ○ /services/prior-authorization
├ ○ /services/psychiatry-billing
├ ○ /services/reporting-analytics
├ ○ /services/telehealth-billing
├ ○ /services/workers-compensation-billing
├ ○ /sitemap.xml
└ ○ /specialties


○  (Static)  prerendered as static content
●  (SSG)     prerendered as static HTML (uses generateStaticParams)

